
// ==========================================================================
//  GPPG error listing for yacc source file <parser.y - 2017/4/25 0:56:32>
// ==========================================================================
//  Version:  1.5.2
//  Machine:  xiongweitekiMBP
//  DateTime: 2017/4/25 0:56:32
//  UserName: xiongwei
// ==========================================================================


%namespace GPLexTutorial

%union
{
    public int num;
    public string name;
    public CompilationUnit compUnit;
    public TypeDeclaration typeDecl;
    public NormalClassDeclaration normclassDecl;
    public ClassModifier classModi;  
    public Identifier identi;
    public ClassBody classBodi;
    public MethodDeclaration methDecl;
    public List<MethodModifier> methModi;
}

%token <num> NUMBER
%token <name> IDENT 
%token PUBLIC CLASS STATIC VOID INT
%token PRIVATE PROTECTED 

%left '=' 
%nonassoc '<'
%left '+'

%type <compUnit> CompilationUnit
%type <typeDecl> TypeDeclaration
%type <normclassDecl> NormalClassDeclaration
%type <classModi> ClassModifier
%type <identi> Identifier
%type <classBodi> ClassBody
%type <methModi> MethodModifier
%type <methDecl> MethodDeclaration

%%

CompilationUnit
	: PackageDeclaration ImportDeclarations TypeDeclaration   { $$=new CompilationUnit(null,null,$3); }
	;

empty: ;

PackageDeclaration
	: empty
	;

ImportDeclarations
	: ImportDeclaration ImportDeclarations  
	| empty
	;

ImportDeclaration
	: empty
	;

TypeDeclarations 
	: TypeDeclaration TypeDeclarations  
	| empty
	;

TypeDeclaration
	: NormalClassDeclaration   { $$ = new TypeDeclaration($1); }
	;

NormalClassDeclaration
	:ClassModifier CLASS Identifier TypeParameters '{' ClassBody '}'  {$$ = new NormalClassDeclaration($1,$3,$6);}
	;


ClassModifier
	: PUBLIC  
	;

TypeParameters
	: empty
	;

Identifiers
	: Identifier Identifiers  
	| empty
	;

Identifier
	: IDENT  {$$ = new Identifier($1);}
	;

ClassBody
	: MethodDeclaration {$$ = new ClassBody($1);}
	| empty
	;

MethodDeclaration
    : MethodModifiers MethodHeader MethodBody {$$ = new MethodDeclaration($1,null,null);}
    ;

MethodModifiers
    : MethodModifier MethodModifiers
    | empty;
    ;
//-^^
// Error: Syntax error, unexpected ';', expecting %%, or anchoredSymbol, or EOF
// ----------------------------------------------------------------------------

MethodModifier
    : PUBLIC
    | STATIC
    | empty
    ;

MethodHeader
    : empty 
    ;
MethodBody
    : empty 
    ;


%%

public Parser(Scanner scanner) : base(scanner)
{

}
// ==========================================================================

