
// ==========================================================================
//  GPPG error listing for yacc source file <parser.y - 5/24/2017 2:42:44 AM>
// ==========================================================================
//  Version:  1.5.2
//  Machine:  TUPHAM-LAPTOP
//  DateTime: 5/24/2017 2:42:45 AM
//  UserName: Ngoc Tu Pham
// ==========================================================================


%namespace GPLexTutorial

%{
  public static Node root;
%}

%union
{
    public int num;
    public string name;
    public CompilationUnit compUnit;
    public NormalClassDeclaration normclassDecl;
    public ClassModifier classModi;  
    public ClassBody classBodi;
    public MethodDeclaration methDecl;
    public MethodModifier methModi;
    public Result result;
	public List<Statement> stmts;
	public Block block;
	public MethodDeclarator methodecla;
	public MethodHeader methodhea;
	public Statement stmt;
	public List<MethodModifier> methodmodilist;
	public FormalParameter	fmpara;
	public List<FormalParameter> fmparalist;
	public UnannType untype;
	public VariableModifier varmodi;
	public Identifier ident;
	public List<VariableModifier> varmodis;
	public Assignment assign;
	public Expression expr;
	public LocalVariableDeclaration localvardcl;
	public IntegralType inttype;
}

%token <num> IntegerLiteral
%token <name> Identifier 
%token PUBLIC CLASS STATIC VOID INT
%token PRIVATE PROTECTED 

%left '=' 
%nonassoc '<'
%left '+'

%type <compUnit> CompilationUnit 
%type <normclassDecl> NormalClassDeclaration TypeDeclaration
%type <classModi> ClassModifier
%type <classBodi> ClassBody
%type <methModi> MethodModifier
%type <methDecl> MethodDeclaration
%type <result> Result
%type <stmt> BlockStatement LocalVariableDeclarationStatement ExpressionStatement Statement
%type <stmts> BlockStatements
%type <methodecla> MethodDeclarator
%type <methodhea> MethodHeader
%type <block> Block
%type <block> MethodBody
%type <methodmodilist> MethodModifiers
%type <fmpara> FormalParameter
%type <fmparalist> FormalParameterList
%type <untype> UnannType UnannPrimitiveType UnannReferenceType NumericType IntegralType UnannClassType UnannArrayType UnannClassOrInterfaceType 
%type <varmodi> VariableModifier
%type <varmodis> VariableModifiers
%type <assign> Assignment
%type <expr> Expression LeftHandSide
%type <localvardcl> LocalVariableDeclaration
%type <name> VariableDeclaratorId VariableDeclarator Identifier

%%
// Warning: NonTerminal symbol "Identifier" is unreachable
// Error: NonTerminal symbol "Identifier" has no productions
// Error: There are 1 non-terminating NonTerminal Symbols
   //  {Identifier}
// Warning: Terminating Identifier fixes the following size-1 NonTerminal set
   // {Identifier}
// --------------------------------------------------------------------------

CompilationUnit
	: PackageDeclaration ImportDeclarations TypeDeclaration   { root = new CompilationUnit(null,null,$3); }
	;

empty
	: 
	;

PackageDeclaration
	: empty
	;

ImportDeclarations
	: empty
	;

TypeDeclaration
	: NormalClassDeclaration								{ $$ = $1; }
	;

NormalClassDeclaration
	: ClassModifier CLASS Identifier TypeParameters '{' ClassBody '}'  {$$ = new NormalClassDeclaration($1,new Identifier($3),$6);}
	;

ClassModifier
	: PUBLIC												{ $$ = ClassModifier.Public; } 
	;

TypeParameters
	: empty
	;

ClassBody
	: MethodDeclaration										{$$ = new ClassBody($1);}
	| empty
	;

MethodDeclaration
    : MethodModifiers MethodHeader MethodBody				{ $$ = new MethodDeclaration($1,$2,$3); }
    | empty
    ;

MethodModifiers
	: MethodModifier MethodModifiers						{ $$ = $2; $$.Add($1); }
	| empty													{ $$ = new List<MethodModifier>(); }
	;

MethodModifier
    : PUBLIC												{ $$ = MethodModifier.Public; }
	| STATIC												{ $$ = MethodModifier.Static; }
    ;

MethodHeader
    : Result MethodDeclarator								{$$ = new MethodHeader($1,$2);}
    ;

Result
    : VOID													{ $$ = Result.Void; }
    ;

MethodDeclarator
    : Identifier '(' FormalParameterList ')'				{$$ = new MethodDeclarator(new Identifier($1),$3);}
    ;

FormalParameterList
    : FormalParameterList FormalParameter					{ $$ = $1; $$.Add($2); }
    | empty													{ $$ = new List<FormalParameter>(); }
    ;

FormalParameter
    : VariableModifiers UnannType VariableDeclaratorId		{ $$ = new FormalParameter($2,$3); }
    ;


MethodBody 
	: Block													{ $$ = $1; }
	;

Block
    : '{' BlockStatements '}'								{$$ = new Block($2);}
    ;

BlockStatements
	: BlockStatements BlockStatement						{ $$ = $1; $$.Add($2); }
	| empty													{ $$ = new List<Statement>(); }
	;

BlockStatement
	: LocalVariableDeclarationStatement						{ $$ = $1; }
	| Statement												{ $$ = $1; }
	;

LocalVariableDeclarationStatement
	: LocalVariableDeclaration ';'							{ $$ = $1; }
	;

LocalVariableDeclaration
	: VariableModifiers UnannType VariableDeclarator		{ $$ = new LocalVariableDeclaration($2,$3); }
	;

VariableModifiers
	: VariableModifier VariableModifiers					{ $$ = $2; $$.Add($1); }
	| empty													{ $$ = new List<VariableModifier>(); }
	;

VariableModifier
	: empty													{ $$ = null; }
	;

UnannType
	: UnannPrimitiveType									{ $$ = $1; }
	| UnannReferenceType									{ $$ = $1; }
	;

UnannReferenceType
	: UnannClassOrInterfaceType								{ $$ = $1; }
	| UnannArrayType										{ $$ = $1; }
	;

UnannArrayType
	: UnannClassOrInterfaceType Dims						{ $$ = new ArrayType($1); }
	;

Dims
	: Annotations '[' ']' MoreDims
	;

MoreDims
	: Dims
	| empty
	;

Annotations 
	: empty
	;

UnannClassOrInterfaceType
	: UnannClassType										{ $$ = $1; }
	; 

UnannClassType
	:	Identifier TypeArguments_opt						{ $$ = new NamedType($1); }
	;

TypeArguments_opt
	: empty
	;

UnannPrimitiveType
	: NumericType											{ $$ = $1; }
	;

NumericType
	: IntegralType											{ $$ = $1; }
	;

IntegralType
	: INT													{ $$ = new PrimitiveType(IntegralType.Int); }
	;

VariableDeclarator
	: VariableDeclaratorId									{ $$ = $1; }
	;

VariableDeclaratorId
	: Identifier											{ $$ = new Identifier($1); }
	;

Statement
	: ExpressionStatement									{ $$ = $1; }
	;

ExpressionStatement
	: Assignment ';'										{ $$ = new ExpressionStatement($1); }
	;

Assignment
	: LeftHandSide AssignmentOperator Expression			{ $$ = new Assignment($1,$3); }
	;

LeftHandSide
	: Identifier											{ $$ = new Identifier($1); }
	;

AssignmentOperator
	: '='													{ $$ = $1; }
	;

Expression
	: IntegerLiteral										{ $$ = new IntegerLiteral($1); }
	;

%%

public Parser(Scanner scanner) : base(scanner)
{

}
// ==========================================================================

